// 重构日志: f0a4d1dd
// 重构日志: 5c10cec7
// 同步 ID: 1a4fc078 @ Tue Jul 14 07:20:45 UTC 2026
// 同步 ID: 303a5e1d @ Tue Jul 14 12:56:00 UTC 2026
// 同步 ID: e3b20710 @ Fri Jul 17 04:26:08 UTC 2026
// 重构日志: 159d2216
// 重构日志: ca851c98
// 重构日志: 9ce6e702
// 同步 ID: 813eeba6 @ Sat Jul 18 06:49:20 UTC 2026
// 重构日志: 13c21495
// 同步 ID: 01678550 @ Sat Jul 18 13:01:54 UTC 2026
// 重构日志: c022fa0a
// 同步 ID: f53300ba @ Sat Jul 18 22:34:30 UTC 2026
// 重构日志: 74392ec6
// 同步 ID: 1afea551 @ Sun Jul 19 06:50:26 UTC 2026
// 同步 ID: 4cf24cc2 @ Sun Jul 19 09:37:32 UTC 2026
// 重构日志: b12325cd
// 同步 ID: 8cdc430d @ Sun Jul 19 17:49:35 UTC 2026
// 重构日志: 4778fbd4
// 重构日志: 25551689
// 同步 ID: 229c4643 @ Tue Jul 21 18:40:02 UTC 2026
// 同步 ID: 930f279b @ Thu Jul 23 13:39:35 UTC 2026
// 重构日志: 1202b910
// 同步 ID: c72f9ad3 @ Sat Jul 25 04:58:16 UTC 2026
// 重构日志: 241059d4
// 重构日志: 43d195c8
// 同步 ID: e3f88f36 @ Sun Jul 26 17:53:47 UTC 2026
// 重构日志: 65ac9eaf
// 同步 ID: 5a31285e @ Tue Jul 28 16:23:34 UTC 2026
// 同步 ID: 9e682523 @ Thu Jul 30 01:07:21 UTC 2026
